
Memory Configuration

Name             Origin             Length             Attributes
FLASH            0x08000000         0x00080000         xr
SRAM             0x20000000         0x00020000         xrw
*default*        0x00000000         0xffffffff

Linker script and memory map

LOAD CMakeFiles/exec.elf.dir/main.c.o
LOAD CMakeFiles/exec.elf.dir/startup.c.o
LOAD CMakeFiles/exec.elf.dir/home/burger/CMSIS-STM32/Vendor/CMSIS/Device/ST/STM32F4/Source/Templates/system_stm32f4xx.c.o

.isr_vector     0x08000000      0x1c0
 *(.isr_vector)
 .isr_vector    0x08000000      0x1c0 CMakeFiles/exec.elf.dir/startup.c.o
                0x08000000                isr_vector

.text           0x080001c0      0x4f8
                0x080001c0                        . = ALIGN (0x4)
 *(.text)
 .text          0x080001c0      0x344 CMakeFiles/exec.elf.dir/main.c.o
                0x08000258                main
                0x08000284                clock_init
                0x08000380                gpio_init
                0x080003d4                timer_init
                0x08000434                dma_init
                0x080004a0                systick_handler
                0x080004bc                delay_ms
 .text          0x08000504       0x90 CMakeFiles/exec.elf.dir/startup.c.o
                0x08000504                reset_handler
                0x0800058c                sai1_handler
                0x0800058c                dma1_stream6_handler
                0x0800058c                fmc_handler
                0x0800058c                spdif_rx_handler
                0x0800058c                otg_fs_wkup_handler
                0x0800058c                spi4_handler
                0x0800058c                dma1_stream4_handler
                0x0800058c                otg_hs_handler
                0x0800058c                can1_rx0_handler
                0x0800058c                exti0_handler
                0x0800058c                can1_rx1_handler
                0x0800058c                tim1_brk_tim9_handler
                0x0800058c                dma2_stream2_handler
                0x0800058c                hdmi_cec_handler
                0x0800058c                tim1_trg_com_tim11_handler
                0x0800058c                dma2_stream3_handler
                0x0800058c                svcall_handler
                0x0800058c                dma2_stream6_handler
                0x0800058c                i2c1_er_handler
                0x0800058c                sdio_handler
                0x0800058c                can2_tx_handler
                0x0800058c                otg_hs_ep1_out_handler
                0x0800058c                exti3_handler
                0x0800058c                can1_tx_handler
                0x0800058c                usage_fault_handler
                0x0800058c                tim7_handler
                0x0800058c                can1_sce_handler
                0x0800058c                dcmi_handler
                0x0800058c                exti1_handler
                0x0800058c                default_handler
                0x0800058c                exti9_5_handler
                0x0800058c                fpu_handler
                0x0800058c                dma1_stream1_handler
                0x0800058c                exti15_10_handler
                0x0800058c                fmpi2c1_handler
                0x0800058c                uart4_handler
                0x0800058c                spi2_handler
                0x0800058c                hard_fault_handler
                0x0800058c                sai2_handler
                0x0800058c                usart3_handler
                0x0800058c                i2c3_er_handler
                0x0800058c                quad_spi_handler
                0x0800058c                tim3_handler
                0x0800058c                pvd_handler
                0x0800058c                dma2_stream4_handler
                0x0800058c                i2c3_ev_handler
                0x0800058c                dma2_stream1_handler
                0x0800058c                flash_handler
                0x0800058c                dma1_stream5_handler
                0x0800058c                dma1_stream2_handler
                0x0800058c                usart6_handler
                0x0800058c                tamp_stamp_handler
                0x0800058c                dma2_stream7_handler
                0x0800058c                can2_sce_handler
                0x0800058c                debug_monitor_handler
                0x0800058c                uart5_handler
                0x0800058c                rcc_handler
                0x0800058c                spi1_handler
                0x0800058c                tim4_handler
                0x0800058c                pendsv_handler
                0x0800058c                tim8_cc_handler
                0x0800058c                spi3_handler
                0x0800058c                can2_rx1_handler
                0x0800058c                mem_manage_handler
                0x0800058c                tim8_brk_tim12_handler
                0x0800058c                usart2_handler
                0x0800058c                dma1_stream0_handler
                0x0800058c                rtc_alarm_handler
                0x0800058c                dma1_stream7_handler
                0x0800058c                fmpi2c1_error_handler
                0x0800058c                adc_handler
                0x0800058c                i2c1_ev_handler
                0x0800058c                exti2_handler
                0x0800058c                tim5_handler
                0x0800058c                tim8_up_tim13_handler
                0x0800058c                i2c2_ev_handler
                0x0800058c                i2c2_er_handler
                0x0800058c                nmi_handler
                0x0800058c                usart1_handler
                0x0800058c                otg_fs_handler
                0x0800058c                tim2_handler
                0x0800058c                dma2_stream5_handler
                0x0800058c                wwdg_handler
                0x0800058c                tim6_dac_handler
                0x0800058c                exti4_handler
                0x0800058c                rtc_wkup_handler
                0x0800058c                otg_hs_ep1_in_handler
                0x0800058c                otg_hs_wkup_handler
                0x0800058c                dma2_stream0_handler
                0x0800058c                bus_fault_handler
                0x0800058c                tim1_cc_handler
                0x0800058c                tim8_trg_com_tim14_handler
                0x0800058c                dma1_stream3_handler
                0x0800058c                can2_rx0_handler
                0x0800058c                tim1_up_tim10_handler
 .text          0x08000594      0x10c CMakeFiles/exec.elf.dir/home/burger/CMSIS-STM32/Vendor/CMSIS/Device/ST/STM32F4/Source/Templates/system_stm32f4xx.c.o
                0x08000594                SystemInit
                0x080005a0                SystemCoreClockUpdate
 *(.rodata)
 .rodata        0x080006a0       0x18 CMakeFiles/exec.elf.dir/home/burger/CMSIS-STM32/Vendor/CMSIS/Device/ST/STM32F4/Source/Templates/system_stm32f4xx.c.o
                0x080006a0                AHBPrescTable
                0x080006b0                APBPrescTable
                0x080006b8                        . = ALIGN (0x4)
                0x080006b8                        _etext = .

.glue_7         0x080006b8        0x0
 .glue_7        0x080006b8        0x0 linker stubs

.glue_7t        0x080006b8        0x0
 .glue_7t       0x080006b8        0x0 linker stubs

.vfp11_veneer   0x080006b8        0x0
 .vfp11_veneer  0x080006b8        0x0 linker stubs

.v4_bx          0x080006b8        0x0
 .v4_bx         0x080006b8        0x0 linker stubs

.iplt           0x080006b8        0x0
 .iplt          0x080006b8        0x0 CMakeFiles/exec.elf.dir/main.c.o

.rel.dyn        0x080006b8        0x0
 .rel.iplt      0x080006b8        0x0 CMakeFiles/exec.elf.dir/main.c.o

.data           0x20000000        0x4 load address 0x080006b8
                0x20000000                        . = ALIGN (0x4)
                0x20000000                        _sdata = .
 *(.data)
 .data          0x20000000        0x0 CMakeFiles/exec.elf.dir/main.c.o
 .data          0x20000000        0x0 CMakeFiles/exec.elf.dir/startup.c.o
 .data          0x20000000        0x4 CMakeFiles/exec.elf.dir/home/burger/CMSIS-STM32/Vendor/CMSIS/Device/ST/STM32F4/Source/Templates/system_stm32f4xx.c.o
                0x20000000                SystemCoreClock
                0x20000004                        . = ALIGN (0x4)
                0x20000004                        _edata = .

.igot.plt       0x20000004        0x0 load address 0x080006bc
 .igot.plt      0x20000004        0x0 CMakeFiles/exec.elf.dir/main.c.o

.bss            0x20000004        0x8 load address 0x080006bc
                0x20000004                        . = ALIGN (0x4)
                0x20000004                        _sbss = .
 *(.bss)
 .bss           0x20000004        0x8 CMakeFiles/exec.elf.dir/main.c.o
                0x20000004                readbuf
                0x20000008                ticks
 .bss           0x2000000c        0x0 CMakeFiles/exec.elf.dir/startup.c.o
 .bss           0x2000000c        0x0 CMakeFiles/exec.elf.dir/home/burger/CMSIS-STM32/Vendor/CMSIS/Device/ST/STM32F4/Source/Templates/system_stm32f4xx.c.o
                0x2000000c                        . = ALIGN (0x4)
                0x2000000c                        _ebss = .
OUTPUT(exec.elf elf32-littlearm)
LOAD linker stubs

.debug_info     0x00000000     0x1169
 .debug_info    0x00000000      0xcb4 CMakeFiles/exec.elf.dir/main.c.o
 .debug_info    0x00000cb4      0x18b CMakeFiles/exec.elf.dir/startup.c.o
 .debug_info    0x00000e3f      0x32a CMakeFiles/exec.elf.dir/home/burger/CMSIS-STM32/Vendor/CMSIS/Device/ST/STM32F4/Source/Templates/system_stm32f4xx.c.o

.debug_abbrev   0x00000000      0x43c
 .debug_abbrev  0x00000000      0x211 CMakeFiles/exec.elf.dir/main.c.o
 .debug_abbrev  0x00000211      0x110 CMakeFiles/exec.elf.dir/startup.c.o
 .debug_abbrev  0x00000321      0x11b CMakeFiles/exec.elf.dir/home/burger/CMSIS-STM32/Vendor/CMSIS/Device/ST/STM32F4/Source/Templates/system_stm32f4xx.c.o

.debug_aranges  0x00000000       0x60
 .debug_aranges
                0x00000000       0x20 CMakeFiles/exec.elf.dir/main.c.o
 .debug_aranges
                0x00000020       0x20 CMakeFiles/exec.elf.dir/startup.c.o
 .debug_aranges
                0x00000040       0x20 CMakeFiles/exec.elf.dir/home/burger/CMSIS-STM32/Vendor/CMSIS/Device/ST/STM32F4/Source/Templates/system_stm32f4xx.c.o

.debug_line     0x00000000      0x67c
 .debug_line    0x00000000      0x3a0 CMakeFiles/exec.elf.dir/main.c.o
 .debug_line    0x000003a0      0x117 CMakeFiles/exec.elf.dir/startup.c.o
 .debug_line    0x000004b7      0x1c5 CMakeFiles/exec.elf.dir/home/burger/CMSIS-STM32/Vendor/CMSIS/Device/ST/STM32F4/Source/Templates/system_stm32f4xx.c.o

.debug_str      0x00000000      0xad6
 .debug_str     0x00000000      0x97e CMakeFiles/exec.elf.dir/main.c.o
                                0x9e3 (size before relaxing)
 .debug_str     0x0000097e       0xaa CMakeFiles/exec.elf.dir/startup.c.o
                                0x1c6 (size before relaxing)
 .debug_str     0x00000a28       0xae CMakeFiles/exec.elf.dir/home/burger/CMSIS-STM32/Vendor/CMSIS/Device/ST/STM32F4/Source/Templates/system_stm32f4xx.c.o
                                0x2fc (size before relaxing)

.comment        0x00000000       0x26
 .comment       0x00000000       0x26 CMakeFiles/exec.elf.dir/main.c.o
                                 0x27 (size before relaxing)
 .comment       0x00000026       0x27 CMakeFiles/exec.elf.dir/startup.c.o
 .comment       0x00000026       0x27 CMakeFiles/exec.elf.dir/home/burger/CMSIS-STM32/Vendor/CMSIS/Device/ST/STM32F4/Source/Templates/system_stm32f4xx.c.o

.ARM.attributes
                0x00000000       0x2e
 .ARM.attributes
                0x00000000       0x2e CMakeFiles/exec.elf.dir/main.c.o
 .ARM.attributes
                0x0000002e       0x2e CMakeFiles/exec.elf.dir/startup.c.o
 .ARM.attributes
                0x0000005c       0x2e CMakeFiles/exec.elf.dir/home/burger/CMSIS-STM32/Vendor/CMSIS/Device/ST/STM32F4/Source/Templates/system_stm32f4xx.c.o

.debug_frame    0x00000000      0x200
 .debug_frame   0x00000000      0x15c CMakeFiles/exec.elf.dir/main.c.o
 .debug_frame   0x0000015c       0x4c CMakeFiles/exec.elf.dir/startup.c.o
 .debug_frame   0x000001a8       0x58 CMakeFiles/exec.elf.dir/home/burger/CMSIS-STM32/Vendor/CMSIS/Device/ST/STM32F4/Source/Templates/system_stm32f4xx.c.o
