
Memory Configuration

Name             Origin             Length             Attributes
FLASH            0x08000000         0x00080000         xr
SRAM             0x20000000         0x00020000         xrw
*default*        0x00000000         0xffffffff

Linker script and memory map

LOAD CMakeFiles/exec.elf.dir/main.c.o
LOAD CMakeFiles/exec.elf.dir/startup.c.o
LOAD CMakeFiles/exec.elf.dir/home/burger/CMSIS-STM32/Vendor/CMSIS/Device/ST/STM32F4/Source/Templates/system_stm32f4xx.c.o

.isr_vector     0x08000000      0x1c0
 *(.isr_vector)
 .isr_vector    0x08000000      0x1c0 CMakeFiles/exec.elf.dir/startup.c.o
                0x08000000                isr_vector

.text           0x080001c0      0x544
                0x080001c0                        . = ALIGN (0x4)
 *(.text)
 .text          0x080001c0      0x390 CMakeFiles/exec.elf.dir/main.c.o
                0x08000258                main
                0x080002c0                clock_init
                0x080003bc                gpio_init
                0x080003fc                dma_init
                0x08000468                adc_init
                0x080004d0                dac_init
                0x080004ec                systick_handler
                0x08000508                delay_ms
 .text          0x08000550       0x90 CMakeFiles/exec.elf.dir/startup.c.o
                0x08000550                reset_handler
                0x080005d8                sai1_handler
                0x080005d8                dma1_stream6_handler
                0x080005d8                fmc_handler
                0x080005d8                spdif_rx_handler
                0x080005d8                otg_fs_wkup_handler
                0x080005d8                spi4_handler
                0x080005d8                dma1_stream4_handler
                0x080005d8                otg_hs_handler
                0x080005d8                can1_rx0_handler
                0x080005d8                exti0_handler
                0x080005d8                can1_rx1_handler
                0x080005d8                tim1_brk_tim9_handler
                0x080005d8                dma2_stream2_handler
                0x080005d8                hdmi_cec_handler
                0x080005d8                tim1_trg_com_tim11_handler
                0x080005d8                dma2_stream3_handler
                0x080005d8                svcall_handler
                0x080005d8                dma2_stream6_handler
                0x080005d8                i2c1_er_handler
                0x080005d8                sdio_handler
                0x080005d8                can2_tx_handler
                0x080005d8                otg_hs_ep1_out_handler
                0x080005d8                exti3_handler
                0x080005d8                can1_tx_handler
                0x080005d8                usage_fault_handler
                0x080005d8                tim7_handler
                0x080005d8                can1_sce_handler
                0x080005d8                dcmi_handler
                0x080005d8                exti1_handler
                0x080005d8                default_handler
                0x080005d8                exti9_5_handler
                0x080005d8                fpu_handler
                0x080005d8                dma1_stream1_handler
                0x080005d8                exti15_10_handler
                0x080005d8                fmpi2c1_handler
                0x080005d8                uart4_handler
                0x080005d8                spi2_handler
                0x080005d8                hard_fault_handler
                0x080005d8                sai2_handler
                0x080005d8                usart3_handler
                0x080005d8                i2c3_er_handler
                0x080005d8                quad_spi_handler
                0x080005d8                tim3_handler
                0x080005d8                pvd_handler
                0x080005d8                dma2_stream4_handler
                0x080005d8                i2c3_ev_handler
                0x080005d8                dma2_stream1_handler
                0x080005d8                flash_handler
                0x080005d8                dma1_stream5_handler
                0x080005d8                dma1_stream2_handler
                0x080005d8                usart6_handler
                0x080005d8                tamp_stamp_handler
                0x080005d8                dma2_stream7_handler
                0x080005d8                can2_sce_handler
                0x080005d8                debug_monitor_handler
                0x080005d8                uart5_handler
                0x080005d8                rcc_handler
                0x080005d8                spi1_handler
                0x080005d8                tim4_handler
                0x080005d8                pendsv_handler
                0x080005d8                tim8_cc_handler
                0x080005d8                spi3_handler
                0x080005d8                can2_rx1_handler
                0x080005d8                mem_manage_handler
                0x080005d8                tim8_brk_tim12_handler
                0x080005d8                usart2_handler
                0x080005d8                dma1_stream0_handler
                0x080005d8                rtc_alarm_handler
                0x080005d8                dma1_stream7_handler
                0x080005d8                fmpi2c1_error_handler
                0x080005d8                adc_handler
                0x080005d8                i2c1_ev_handler
                0x080005d8                exti2_handler
                0x080005d8                tim5_handler
                0x080005d8                tim8_up_tim13_handler
                0x080005d8                i2c2_ev_handler
                0x080005d8                i2c2_er_handler
                0x080005d8                nmi_handler
                0x080005d8                usart1_handler
                0x080005d8                otg_fs_handler
                0x080005d8                tim2_handler
                0x080005d8                dma2_stream5_handler
                0x080005d8                wwdg_handler
                0x080005d8                tim6_dac_handler
                0x080005d8                exti4_handler
                0x080005d8                rtc_wkup_handler
                0x080005d8                otg_hs_ep1_in_handler
                0x080005d8                otg_hs_wkup_handler
                0x080005d8                dma2_stream0_handler
                0x080005d8                bus_fault_handler
                0x080005d8                tim1_cc_handler
                0x080005d8                tim8_trg_com_tim14_handler
                0x080005d8                dma1_stream3_handler
                0x080005d8                can2_rx0_handler
                0x080005d8                tim1_up_tim10_handler
 .text          0x080005e0      0x10c CMakeFiles/exec.elf.dir/home/burger/CMSIS-STM32/Vendor/CMSIS/Device/ST/STM32F4/Source/Templates/system_stm32f4xx.c.o
                0x080005e0                SystemInit
                0x080005ec                SystemCoreClockUpdate
 *(.rodata)
 .rodata        0x080006ec       0x18 CMakeFiles/exec.elf.dir/home/burger/CMSIS-STM32/Vendor/CMSIS/Device/ST/STM32F4/Source/Templates/system_stm32f4xx.c.o
                0x080006ec                AHBPrescTable
                0x080006fc                APBPrescTable
                0x08000704                        . = ALIGN (0x4)
                0x08000704                        _etext = .

.glue_7         0x08000704        0x0
 .glue_7        0x08000704        0x0 linker stubs

.glue_7t        0x08000704        0x0
 .glue_7t       0x08000704        0x0 linker stubs

.vfp11_veneer   0x08000704        0x0
 .vfp11_veneer  0x08000704        0x0 linker stubs

.v4_bx          0x08000704        0x0
 .v4_bx         0x08000704        0x0 linker stubs

.iplt           0x08000704        0x0
 .iplt          0x08000704        0x0 CMakeFiles/exec.elf.dir/main.c.o

.rel.dyn        0x08000704        0x0
 .rel.iplt      0x08000704        0x0 CMakeFiles/exec.elf.dir/main.c.o

.data           0x20000000        0x4 load address 0x08000704
                0x20000000                        . = ALIGN (0x4)
                0x20000000                        _sdata = .
 *(.data)
 .data          0x20000000        0x0 CMakeFiles/exec.elf.dir/main.c.o
 .data          0x20000000        0x0 CMakeFiles/exec.elf.dir/startup.c.o
 .data          0x20000000        0x4 CMakeFiles/exec.elf.dir/home/burger/CMSIS-STM32/Vendor/CMSIS/Device/ST/STM32F4/Source/Templates/system_stm32f4xx.c.o
                0x20000000                SystemCoreClock
                0x20000004                        . = ALIGN (0x4)
                0x20000004                        _edata = .

.igot.plt       0x20000004        0x0 load address 0x08000708
 .igot.plt      0x20000004        0x0 CMakeFiles/exec.elf.dir/main.c.o

.bss            0x20000004        0xc load address 0x08000708
                0x20000004                        . = ALIGN (0x4)
                0x20000004                        _sbss = .
 *(.bss)
 .bss           0x20000004        0xc CMakeFiles/exec.elf.dir/main.c.o
                0x20000004                adc_buffer
                0x20000008                dac_buffer
                0x2000000c                ticks
 .bss           0x20000010        0x0 CMakeFiles/exec.elf.dir/startup.c.o
 .bss           0x20000010        0x0 CMakeFiles/exec.elf.dir/home/burger/CMSIS-STM32/Vendor/CMSIS/Device/ST/STM32F4/Source/Templates/system_stm32f4xx.c.o
                0x20000010                        . = ALIGN (0x4)
                0x20000010                        _ebss = .
OUTPUT(exec.elf elf32-littlearm)
LOAD linker stubs

.debug_info     0x00000000     0x1238
 .debug_info    0x00000000      0xd83 CMakeFiles/exec.elf.dir/main.c.o
 .debug_info    0x00000d83      0x18b CMakeFiles/exec.elf.dir/startup.c.o
 .debug_info    0x00000f0e      0x32a CMakeFiles/exec.elf.dir/home/burger/CMSIS-STM32/Vendor/CMSIS/Device/ST/STM32F4/Source/Templates/system_stm32f4xx.c.o

.debug_abbrev   0x00000000      0x475
 .debug_abbrev  0x00000000      0x24a CMakeFiles/exec.elf.dir/main.c.o
 .debug_abbrev  0x0000024a      0x110 CMakeFiles/exec.elf.dir/startup.c.o
 .debug_abbrev  0x0000035a      0x11b CMakeFiles/exec.elf.dir/home/burger/CMSIS-STM32/Vendor/CMSIS/Device/ST/STM32F4/Source/Templates/system_stm32f4xx.c.o

.debug_aranges  0x00000000       0x60
 .debug_aranges
                0x00000000       0x20 CMakeFiles/exec.elf.dir/main.c.o
 .debug_aranges
                0x00000020       0x20 CMakeFiles/exec.elf.dir/startup.c.o
 .debug_aranges
                0x00000040       0x20 CMakeFiles/exec.elf.dir/home/burger/CMSIS-STM32/Vendor/CMSIS/Device/ST/STM32F4/Source/Templates/system_stm32f4xx.c.o

.debug_line     0x00000000      0x6a8
 .debug_line    0x00000000      0x3c4 CMakeFiles/exec.elf.dir/main.c.o
 .debug_line    0x000003c4      0x11b CMakeFiles/exec.elf.dir/startup.c.o
 .debug_line    0x000004df      0x1c9 CMakeFiles/exec.elf.dir/home/burger/CMSIS-STM32/Vendor/CMSIS/Device/ST/STM32F4/Source/Templates/system_stm32f4xx.c.o

.debug_str      0x00000000      0xb77
 .debug_str     0x00000000      0xa1b CMakeFiles/exec.elf.dir/main.c.o
                                0xa80 (size before relaxing)
 .debug_str     0x00000a1b       0xae CMakeFiles/exec.elf.dir/startup.c.o
                                0x1ce (size before relaxing)
 .debug_str     0x00000ac9       0xae CMakeFiles/exec.elf.dir/home/burger/CMSIS-STM32/Vendor/CMSIS/Device/ST/STM32F4/Source/Templates/system_stm32f4xx.c.o
                                0x300 (size before relaxing)

.comment        0x00000000       0x26
 .comment       0x00000000       0x26 CMakeFiles/exec.elf.dir/main.c.o
                                 0x27 (size before relaxing)
 .comment       0x00000026       0x27 CMakeFiles/exec.elf.dir/startup.c.o
 .comment       0x00000026       0x27 CMakeFiles/exec.elf.dir/home/burger/CMSIS-STM32/Vendor/CMSIS/Device/ST/STM32F4/Source/Templates/system_stm32f4xx.c.o

.ARM.attributes
                0x00000000       0x2e
 .ARM.attributes
                0x00000000       0x2e CMakeFiles/exec.elf.dir/main.c.o
 .ARM.attributes
                0x0000002e       0x2e CMakeFiles/exec.elf.dir/startup.c.o
 .ARM.attributes
                0x0000005c       0x2e CMakeFiles/exec.elf.dir/home/burger/CMSIS-STM32/Vendor/CMSIS/Device/ST/STM32F4/Source/Templates/system_stm32f4xx.c.o

.debug_frame    0x00000000      0x220
 .debug_frame   0x00000000      0x17c CMakeFiles/exec.elf.dir/main.c.o
 .debug_frame   0x0000017c       0x4c CMakeFiles/exec.elf.dir/startup.c.o
 .debug_frame   0x000001c8       0x58 CMakeFiles/exec.elf.dir/home/burger/CMSIS-STM32/Vendor/CMSIS/Device/ST/STM32F4/Source/Templates/system_stm32f4xx.c.o
